Starting GitHub download...
Download success.
Starting GitHub download...
Download success.
Starting GitHub upload...
Successfully uploaded data to GitHub.
Starting GitHub upload...
Successfully uploaded data to GitHub.
Starting GitHub download...
Download success.
Starting GitHub download...
Download success.
Starting GitHub download...
Download success.
Starting GitHub download...
Download success.
Starting GitHub download...
Download success.
Starting GitHub upload...
Successfully uploaded data to GitHub.
Starting GitHub upload...
Successfully uploaded data to GitHub.
Starting GitHub download...
Download failed with status: 404
Starting GitHub upload...
Successfully uploaded data to GitHub.
Starting GitHub download...
Download success.
